==============================================================================================================
m6-onepass  Device: Apple M6
  fft8192_onepass: maxTotalThreadsPerThreadgroup=1024  execWidth=32  staticTGmem=32768 B
  fft16384_onepass: maxTotalThreadsPerThreadgroup=1024  execWidth=32  staticTGmem=32768 B
==============================================================================================================
variant N lvl batch MiB | HOT GF GB/s us/FFT | COLD GF GB/s | relL2
--------------------------------------------------------------------------------------------------------------
onepass8192   8192 L2      8     1.00 |     733.4     180.5    0.726 |     308.9     76.0 |  3.6e-07
MPSGraph   8192 L2      8     1.00 |     470.0     115.7    1.133 |     210.8     51.9 |  5.3e-07
onepass8192   8192 SLC     64     8.00 |     794.0     195.4    0.671 |     407.5    100.3 |  3.6e-07
MPSGraph   8192 SLC     64     8.00 |     534.8     131.7    0.996 |     321.5     79.1 |  5.3e-07
onepass8192   8192 DRAM   2048   256.00 |     604.4     148.8    0.881 |     594.2    146.3 |  3.6e-07
MPSGraph   8192 DRAM   2048   256.00 |     257.4      63.3    2.069 |     254.1     62.5 |  5.3e-07
onepass16384  16384 L2      4     1.00 |     220.4      50.4    5.204 |     164.6     37.6 |  4.7e-07
fourstep16384_b(2 pass)  16384 L2      4     1.00 |     708.5     162.0    1.619 |     324.8     74.2 |  3.3e-07
MPSGraph  16384 L2      4     1.00 |     805.2     184.0    1.424 |     343.0     78.4 |  3.8e-07
onepass16384  16384 SLC     32     8.00 |     484.3     110.7    2.368 |     320.6     73.3 |  4.7e-07
fourstep16384_b(2 pass)  16384 SLC     32     8.00 |     572.1     130.8    2.005 |     213.5     48.8 |  3.3e-07
MPSGraph  16384 SLC     32     8.00 |     596.9     136.4    1.921 |     332.9     76.1 |  3.8e-07
onepass16384  16384 DRAM   1024   256.00 |     545.6     124.7    2.102 |     547.2    125.1 |  4.7e-07
fourstep16384_b(2 pass)  16384 DRAM   1024   256.00 |     310.8      71.0    3.690 |     307.1     70.2 |  3.3e-07
MPSGraph  16384 DRAM   1024   256.00 |     300.0      68.6    3.823 |     296.0     67.7 |  3.8e-07
==============================================================================================================
single-pass DRAM ceiling at 150 GB/s: N=8192 -> 609 GF, N=16384 -> 656 GF
CSV -> ../../paper_m6/results/stage3_onepass.csv
