====================================================================================
m6-bw: GPU streaming bandwidth vs working set (hot, buffers reused)  Device: Apple M6
====================================================================================
  WS/buffer  | copy GB/s (rd+wr)  med [q1,q3]   | read GB/s  med [q1,q3]
  ----------------------------------------------------------------------------
  256 KiB  |   422.5  [ 419.9, 424.4]      |   251.0  [ 250.2, 251.2]
  512 KiB  |   553.6  [ 552.8, 556.4]      |   390.0  [ 389.2, 392.3]
  1 MiB  |   671.2  [ 670.5, 671.7]      |   534.0  [ 533.9, 535.1]
  2 MiB  |   311.2  [ 309.7, 312.2]      |   638.7  [ 638.5, 639.8]
  4 MiB  |   317.1  [ 315.9, 319.0]      |   308.4  [ 306.1, 309.7]
  8 MiB  |   264.2  [ 257.5, 271.3]      |   303.8  [ 302.9, 310.1]
  16 MiB  |   153.1  [ 152.4, 154.8]      |   154.6  [ 150.6, 154.7]
  32 MiB  |   151.7  [ 151.2, 155.0]      |   151.1  [ 150.7, 152.6]
  64 MiB  |   150.8  [ 150.0, 151.9]      |   150.2  [ 150.1, 151.2]
  128 MiB  |   148.7  [ 148.3, 149.1]      |   151.2  [ 148.8, 152.4]
  256 MiB  |   145.3  [ 144.0, 145.6]      |   151.8  [ 150.8, 152.7]
  512 MiB  |   146.0  [ 144.9, 146.5]      |   150.4  [ 147.8, 152.4]
  1024 MiB  |   146.3  [ 145.0, 146.5]      |   152.4  [ 150.5, 153.2]

-- GPU peak FMA throughput --
  fma_f32: 4379 GFLOPS (median of 15; best 4392)
  fma_f16: 8459 GFLOPS (median of 15; best 8471)
====================================================================================
