================================================================================================
m6-batch: fft4096_dx (radix-8, 512 thr/TG) HOT vs COLD   Device: Apple M6
HOT  = K back-to-back dispatches in one CB (same buffers; >= 64 MiB traffic/sample), per-dispatch time
COLD = 512 MiB flush-write CB, then one FFT CB timed alone
GB/s = (in+out bytes) / time.  15 samples each, median [q1,q3]
================================================================================================
  batch  in+out MiB |  HOT GF  [q1,q3]        GB/s   us/FFT |  COLD GF [q1,q3]        GB/s
  --------------------------------------------------------------------------------------------
      1       0.06  |   103.1 [  99.0, 103.3]    27.5   2.383 |    56.7 [  54.1,  58.4]    15.1
      2       0.12  |   205.0 [ 204.8, 205.1]    54.7   1.199 |   113.4 [ 112.3, 116.8]    30.2
      4       0.25  |   410.5 [ 409.7, 410.7]   109.5   0.599 |   187.2 [ 184.3, 191.8]    49.9
      8       0.50  |   792.9 [ 792.6, 792.9]   211.4   0.310 |   296.8 [ 287.7, 298.6]    79.1
     12       0.75  |  1192.7 [1192.5,1193.0]   318.1   0.206 |   341.9 [ 337.0, 352.1]    91.2
     16       1.00  |  1045.5 [1045.3,1046.0]   278.8   0.235 |   357.5 [ 353.5, 367.2]    95.3
     24       1.50  |  1533.9 [1532.7,1534.7]   409.0   0.160 |   401.0 [ 399.9, 403.3]   106.9
     32       2.00  |  1432.9 [1431.9,1434.6]   382.1   0.172 |   416.7 [ 408.5, 419.4]   111.1
     48       3.00  |  1008.7 [1007.5,1009.1]   269.0   0.244 |   448.0 [ 445.9, 451.5]   119.5
     64       4.00  |   934.5 [ 931.1, 937.6]   249.2   0.263 |   408.5 [ 407.2, 410.3]   108.9
     96       6.00  |  1002.5 [ 977.1,1012.6]   267.3   0.245 |   400.7 [ 390.0, 403.0]   106.9
    128       8.00  |  1024.9 [1007.1,1035.5]   273.3   0.240 |   393.0 [ 390.8, 395.1]   104.8
    192      12.00  |  1067.4 [1062.5,1074.0]   284.6   0.230 |   388.8 [ 386.5, 391.4]   103.7
    256      16.00  |  1064.1 [1048.6,1073.0]   283.8   0.231 |   384.7 [ 382.8, 386.3]   102.6
    384      24.00  |   605.1 [ 600.8, 606.2]   161.4   0.406 |   430.1 [ 421.0, 432.1]   114.7
    512      32.00  |   589.4 [ 573.3, 593.4]   157.2   0.417 |   458.0 [ 453.0, 458.6]   122.1
    768      48.00  |   586.2 [ 577.6, 588.3]   156.3   0.419 |   488.5 [ 482.3, 490.3]   130.3
   1024      64.00  |   584.5 [ 580.4, 586.1]   155.9   0.420 |   507.2 [ 503.5, 507.8]   135.3
   1536      96.00  |   583.3 [ 581.0, 584.2]   155.6   0.421 |   525.4 [ 525.1, 526.2]   140.1
   2048     128.00  |   580.9 [ 578.6, 581.8]   154.9   0.423 |   534.3 [ 532.8, 535.9]   142.5
   3072     192.00  |   570.9 [ 546.1, 574.0]   152.2   0.431 |   537.1 [ 520.4, 543.4]   143.2
   4096     256.00  |   572.8 [ 557.7, 573.6]   152.8   0.429 |   549.8 [ 546.1, 552.5]   146.6
   8192     512.00  |   563.2 [ 557.2, 567.6]   150.2   0.436 |   553.8 [ 539.0, 559.0]   147.7
  16384    1024.00  |   564.5 [ 559.5, 567.2]   150.5   0.435 |   558.1 [ 549.9, 561.8]   148.8
================================================================================================
