================================================================================================================
m6-fp16  Device: Apple M6  fp16 = half2 device storage, fp32 math; batch fixed by the fp32 footprint target
================================================================================================================
variant N lvl batch MiB | HOT GF GB/s | COLD GF GB/s | relL2 SQNR
----------------------------------------------------------------------------------------------------------------
fft4096_dx   4096 L2     16     1.00 |    1045.3    278.7 |     365.8     97.5 |   3.5e-07  129.0
fft4096_dx_f16   4096 L2     16     0.50 |    1290.7    172.1 |     579.0     77.2 |   4.1e-04   67.7
MPSGraph   4096 L2     16     1.00 |     794.9    212.0 |     341.9     91.2 |   5.3e-07  125.5
MPSGraph_f16   4096 L2     16     0.50 |     885.3    118.0 |     474.2     63.2 |   2.1e-04   73.7
fft4096_dx   4096 SLC    128     8.00 |    1039.4    277.2 |     400.1    106.7 |   3.5e-07  129.0
fft4096_dx_f16   4096 SLC    128     4.00 |    1846.2    246.2 |     814.4    108.6 |   4.1e-04   67.7
MPSGraph   4096 SLC    128     8.00 |    1026.7    273.8 |     398.8    106.4 |   5.3e-07  125.5
MPSGraph_f16   4096 SLC    128     4.00 |    1661.8    221.6 |     795.5    106.1 |   2.1e-04   73.7
fft4096_dx   4096 DRAM   4096   256.00 |     571.0    152.3 |     548.8    146.4 |   3.5e-07  129.0
fft4096_dx_f16   4096 DRAM   4096   128.00 |    1151.6    153.5 |    1069.3    142.6 |   4.1e-04   67.7
MPSGraph   4096 DRAM   4096   256.00 |     557.9    148.8 |     543.6    145.0 |   5.3e-07  125.5
MPSGraph_f16   4096 DRAM   4096   128.00 |    1146.2    152.8 |    1048.2    139.8 |   2.1e-04   73.7
onepass8192   8192 L2      8     1.00 |     739.6    182.1 |     378.7     93.2 |   3.6e-07  128.8
onepass8192_f16   8192 L2      8     0.50 |     860.4    105.9 |     399.4     49.2 |   2.1e-04   73.7
MPSGraph   8192 L2      8     1.00 |     465.7    114.6 |     229.7     56.6 |   5.3e-07  125.5
MPSGraph_f16   8192 L2      8     0.50 |     606.9     74.7 |     351.3     43.2 |   2.9e-04   70.6
onepass8192   8192 SLC     64     8.00 |     749.8    184.6 |     406.7    100.1 |   3.6e-07  128.8
onepass8192_f16   8192 SLC     64     4.00 |    1090.0    134.2 |     690.8     85.0 |   2.1e-04   73.7
MPSGraph   8192 SLC     64     8.00 |     551.6    135.8 |     311.2     76.6 |   5.3e-07  125.5
MPSGraph_f16   8192 SLC     64     4.00 |     914.8    112.6 |     565.2     69.6 |   2.9e-04   70.6
onepass8192   8192 DRAM   2048   256.00 |     600.5    147.8 |     584.3    143.8 |   3.6e-07  128.8
onepass8192_f16   8192 DRAM   2048   128.00 |    1215.1    149.5 |    1124.7    138.4 |   2.1e-04   73.7
MPSGraph   8192 DRAM   2048   256.00 |     273.5     67.3 |     270.3     66.5 |   5.3e-07  125.5
MPSGraph_f16   8192 DRAM   2048   128.00 |     513.1     63.1 |     498.9     61.4 |   2.9e-04   70.6
onepass16384  16384 L2      4     1.00 |     221.1     50.5 |     179.9     41.1 |   4.8e-07  126.4
onepass16384_f16  16384 L2      4     0.50 |     230.9     26.4 |     194.2     22.2 |   2.1e-04   73.7
onepass16384_t512  16384 L2      4     1.00 |     143.9     32.9 |     107.6     24.6 |   4.8e-07  126.4
onepass16384_t512_f16  16384 L2      4     0.50 |     149.3     17.1 |     118.1     13.5 |   2.1e-04   73.7
MPSGraph  16384 L2      4     1.00 |     814.9    186.3 |     363.4     83.1 |   3.8e-07  128.3
MPSGraph_f16  16384 L2      4     0.50 |     768.8     87.9 |     386.3     44.2 |   2.9e-04   70.7
onepass16384  16384 SLC     32     8.00 |     485.7    111.0 |     322.6     73.7 |   4.8e-07  126.4
onepass16384_f16  16384 SLC     32     4.00 |     580.0     66.3 |     444.9     50.8 |   2.1e-04   73.7
onepass16384_t512  16384 SLC     32     8.00 |     331.9     75.9 |     256.9     58.7 |   4.8e-07  126.4
onepass16384_t512_f16  16384 SLC     32     4.00 |     381.4     43.6 |     313.3     35.8 |   2.1e-04   73.7
MPSGraph  16384 SLC     32     8.00 |     665.8    152.2 |     324.1     74.1 |   3.8e-07  128.3
MPSGraph_f16  16384 SLC     32     4.00 |    1104.2    126.2 |     646.2     73.9 |   2.9e-04   70.7
onepass16384  16384 DRAM   1024   256.00 |     570.2    130.3 |     564.8    129.1 |   4.8e-07  126.4
onepass16384_f16  16384 DRAM   1024   128.00 |     704.3     80.5 |     691.8     79.1 |   2.1e-04   73.7
onepass16384_t512  16384 DRAM   1024   256.00 |     411.8     94.1 |     409.0     93.5 |   4.8e-07  126.4
onepass16384_t512_f16  16384 DRAM   1024   128.00 |     452.6     51.7 |     450.1     51.4 |   2.1e-04   73.7
MPSGraph  16384 DRAM   1024   256.00 |     308.1     70.4 |     306.9     70.1 |   3.8e-07  128.3
MPSGraph_f16  16384 DRAM   1024   128.00 |     608.7     69.6 |     592.8     67.7 |   2.9e-04   70.7
================================================================================================================
fp16-storage DRAM ceilings at 150 GB/s (8 B/point): N=4096 1125 GF, 8192 1218, 16384 1312
CSV -> ../../paper_m6/results/stage3_fp16.csv
