==============================================================================================================
m6-landscape  Device: Apple M6   (GF = 5N log2N / t;  HOT/COLD as in m6-batch)
==============================================================================================================
backend variant N lvl batch MiB | HOT GF GB/s us/FFT | COLD GF | relL2
--------------------------------------------------------------------------------------------------------------
ours fft_32_stockham      32 L2   2048     1.00 |     471.5     301.8    0.002 |     189.0 |  1.0e-07
mpsgraph fastFourierTransform      32 L2   2048     1.00 |     703.2     450.0    0.001 |     176.3 |  1.4e-07
vdsp fft_zop_1thr      32 L2   2048     1.00 |      52.0      33.2    0.015 | - |
ours fft_32_stockham      32 SLC  16384     8.00 |     478.1     306.0    0.002 |     155.3 |  1.0e-07
mpsgraph fastFourierTransform      32 SLC  16384     8.00 |     484.3     310.0    0.002 |     163.3 |  1.4e-07
vdsp fft_zop_1thr      32 SLC  16384     8.00 |      51.0      32.6    0.016 | - |
ours fft_32_stockham      32 DRAM 524288   256.00 |     236.5     151.4    0.003 |     228.7 |  1.0e-07
mpsgraph fastFourierTransform      32 DRAM 524288   256.00 |     232.7     148.9    0.003 |     224.2 |  1.4e-07
vdsp fft_zop_1thr      32 DRAM 524288   256.00 |      50.5      32.3    0.016 | - |
ours fft_64_stockham      64 L2   1024     1.00 |     893.2     476.4    0.002 |     242.0 |  1.3e-07
ours fft64_dx_r8      64 L2   1024     1.00 |     630.5     336.2    0.003 |     242.0 |  1.9e-07
mpsgraph fastFourierTransform      64 L2   1024     1.00 |     910.2     485.4    0.002 |     218.5 |  1.4e-07
vdsp fft_zop_1thr      64 L2   1024     1.00 |      69.8      37.3    0.027 | - |
ours fft_64_stockham      64 SLC   8192     8.00 |     571.6     304.9    0.003 |     193.9 |  1.3e-07
ours fft64_dx_r8      64 SLC   8192     8.00 |     600.3     320.1    0.003 |     203.0 |  1.9e-07
mpsgraph fastFourierTransform      64 SLC   8192     8.00 |     583.1     311.0    0.003 |     203.9 |  1.4e-07
vdsp fft_zop_1thr      64 SLC   8192     8.00 |      68.5      36.5    0.028 | - |
ours fft_64_stockham      64 DRAM 262144   256.00 |     286.6     152.9    0.007 |     275.9 |  1.3e-07
ours fft64_dx_r8      64 DRAM 262144   256.00 |     284.7     151.8    0.007 |     276.4 |  1.9e-07
mpsgraph fastFourierTransform      64 DRAM 262144   256.00 |     283.1     151.0    0.007 |     269.5 |  1.4e-07
vdsp fft_zop_1thr      64 DRAM 262144   256.00 |      68.4      36.5    0.028 | - |
ours fft_128_stockham     128 L2    512     1.00 |    1233.6     563.9    0.004 |     262.1 |  1.6e-07
mpsgraph fastFourierTransform     128 L2    512     1.00 |     911.6     416.7    0.005 |     248.0 |  1.8e-07
vdsp fft_zop_1thr     128 L2    512     1.00 |      88.2      40.3    0.051 | - |
ours fft_128_stockham     128 SLC   4096     8.00 |     621.6     284.2    0.007 |     214.7 |  1.6e-07
mpsgraph fastFourierTransform     128 SLC   4096     8.00 |     677.7     309.8    0.007 |     236.1 |  1.8e-07
vdsp fft_zop_1thr     128 SLC   4096     8.00 |      87.6      40.0    0.051 | - |
ours fft_128_stockham     128 DRAM 131072   256.00 |     334.1     152.7    0.013 |     320.9 |  1.6e-07
mpsgraph fastFourierTransform     128 DRAM 131072   256.00 |     332.4     152.0    0.013 |     320.7 |  1.8e-07
vdsp fft_zop_1thr     128 DRAM 131072   256.00 |      87.2      39.9    0.051 | - |
ours fft_256_stockham     256 L2    256     1.00 |    1247.4     499.0    0.008 |     291.3 |  1.8e-07
ours fft256_dx_r4     256 L2    256     1.00 |    1240.1     496.0    0.008 |     298.2 |  1.8e-07
mpsgraph fastFourierTransform     256 L2    256     1.00 |     952.3     380.9    0.011 |     249.7 |  3.3e-07
vdsp fft_zop_1thr     256 L2    256     1.00 |      71.0      28.4    0.144 | - |
ours fft_256_stockham     256 SLC   2048     8.00 |     787.2     314.9    0.013 |     272.5 |  1.8e-07
ours fft256_dx_r4     256 SLC   2048     8.00 |     796.2     318.5    0.013 |     274.0 |  1.8e-07
mpsgraph fastFourierTransform     256 SLC   2048     8.00 |     762.0     304.8    0.013 |     270.5 |  3.3e-07
vdsp fft_zop_1thr     256 SLC   2048     8.00 |      71.2      28.5    0.144 | - |
ours fft_256_stockham     256 DRAM  65536   256.00 |     380.0     152.0    0.027 |     364.5 |  1.8e-07
ours fft256_dx_r4     256 DRAM  65536   256.00 |     383.0     153.2    0.027 |     369.0 |  1.8e-07
mpsgraph fastFourierTransform     256 DRAM  65536   256.00 |     379.0     151.6    0.027 |     363.9 |  3.3e-07
vdsp fft_zop_1thr     256 DRAM  65536   256.00 |      70.1      28.0    0.146 | - |
ours fft_512_stockham     512 L2    128     1.00 |    1180.9     419.9    0.020 |     310.4 |  2.0e-07
mpsgraph fastFourierTransform     512 L2    128     1.00 |    1112.2     395.4    0.021 |     329.2 |  2.2e-07
vdsp fft_zop_1thr     512 L2    128     1.00 |     141.6      50.4    0.163 | - |
ours fft_512_stockham     512 SLC   1024     8.00 |     875.5     311.3    0.026 |     303.0 |  2.0e-07
mpsgraph fastFourierTransform     512 SLC   1024     8.00 |     847.8     301.4    0.027 |     308.1 |  2.2e-07
vdsp fft_zop_1thr     512 SLC   1024     8.00 |     141.3      50.2    0.163 | - |
ours fft_512_stockham     512 DRAM  32768   256.00 |     428.8     152.5    0.054 |     414.4 |  2.0e-07
mpsgraph fastFourierTransform     512 DRAM  32768   256.00 |     427.8     152.1    0.054 |     414.1 |  2.2e-07
vdsp fft_zop_1thr     512 DRAM  32768   256.00 |     106.1      37.7    0.217 | - |
ours fft_1024_stockham    1024 L2     64     1.00 |    1189.9     380.8    0.043 |     299.0 |  2.3e-07
ours fft1024_dx_r4    1024 L2     64     1.00 |    1185.9     379.5    0.043 |     348.0 |  2.3e-07
mpsgraph fastFourierTransform    1024 L2     64     1.00 |     992.0     317.4    0.052 |     294.5 |  3.6e-07
vdsp fft_zop_1thr    1024 L2     64     1.00 |     189.5      60.6    0.270 | - |
ours fft_1024_stockham    1024 SLC    512     8.00 |     934.7     299.1    0.055 |     304.4 |  2.3e-07
ours fft1024_dx_r4    1024 SLC    512     8.00 |     961.3     307.6    0.053 |     334.5 |  2.3e-07
mpsgraph fastFourierTransform    1024 SLC    512     8.00 |     943.1     301.8    0.054 |     341.9 |  3.6e-07
vdsp fft_zop_1thr    1024 SLC    512     8.00 |     188.8      60.4    0.271 | - |
ours fft_1024_stockham    1024 DRAM  16384   256.00 |     480.8     153.9    0.106 |     462.1 |  2.3e-07
ours fft1024_dx_r4    1024 DRAM  16384   256.00 |     476.5     152.5    0.107 |     460.7 |  2.3e-07
mpsgraph fastFourierTransform    1024 DRAM  16384   256.00 |     477.7     152.9    0.107 |     460.0 |  3.6e-07
vdsp fft_zop_1thr    1024 DRAM  16384   256.00 |     165.1      52.8    0.310 | - |
ours fft_2048_stockham    2048 L2     32     1.00 |    1057.8     307.7    0.106 |     357.5 |  2.5e-07
mpsgraph fastFourierTransform    2048 L2     32     1.00 |     975.4     283.8    0.115 |     318.0 |  4.0e-07
vdsp fft_zop_1thr    2048 L2     32     1.00 |     178.1      51.8    0.633 | - |
ours fft_2048_stockham    2048 SLC    256     8.00 |     945.4     275.0    0.119 |     359.5 |  2.5e-07
mpsgraph fastFourierTransform    2048 SLC    256     8.00 |    1001.9     291.5    0.112 |     373.7 |  4.0e-07
vdsp fft_zop_1thr    2048 SLC    256     8.00 |     177.3      51.6    0.635 | - |
ours fft_2048_stockham    2048 DRAM   8192   256.00 |     522.2     151.9    0.216 |     503.6 |  2.5e-07
mpsgraph fastFourierTransform    2048 DRAM   8192   256.00 |     522.1     151.9    0.216 |     504.4 |  4.0e-07
vdsp fft_zop_1thr    2048 DRAM   8192   256.00 |     141.3      41.1    0.797 | - |
ours fft_4096_stockham    4096 L2     16     1.00 |     686.7     183.1    0.358 |     353.5 |  2.7e-07
ours fft4096_dx    4096 L2     16     1.00 |    1044.0     278.4    0.235 |     443.1 |  3.5e-07
ours fft4096_dx_r4    4096 L2     16     1.00 |     789.3     210.5    0.311 |     354.8 |  2.7e-07
ours fft4096_dx_r16    4096 L2     16     1.00 |    1033.7     275.6    0.238 |     393.2 |  5.6e-07
mpsgraph fastFourierTransform    4096 L2     16     1.00 |     784.3     209.1    0.313 |     341.9 |  5.3e-07
vdsp fft_zop_1thr    4096 L2     16     1.00 |     209.8      55.9    1.172 | - |
ours fft_4096_stockham    4096 SLC    128     8.00 |     873.9     233.1    0.281 |     393.2 |  2.7e-07
ours fft4096_dx    4096 SLC    128     8.00 |    1007.1     268.6    0.244 |     403.1 |  3.5e-07
ours fft4096_dx_r4    4096 SLC    128     8.00 |     860.7     229.5    0.286 |     393.0 |  2.7e-07
ours fft4096_dx_r16    4096 SLC    128     8.00 |    1102.0     293.9    0.223 |     411.2 |  5.6e-07
mpsgraph fastFourierTransform    4096 SLC    128     8.00 |    1037.4     276.6    0.237 |     408.5 |  5.3e-07
vdsp fft_zop_1thr    4096 SLC    128     8.00 |     209.3      55.8    1.174 | - |
ours fft_4096_stockham    4096 DRAM   4096   256.00 |     566.0     150.9    0.434 |     548.9 |  2.7e-07
ours fft4096_dx    4096 DRAM   4096   256.00 |     571.6     152.4    0.430 |     550.0 |  3.5e-07
ours fft4096_dx_r4    4096 DRAM   4096   256.00 |     571.8     152.5    0.430 |     551.2 |  2.7e-07
ours fft4096_dx_r16    4096 DRAM   4096   256.00 |     568.2     151.5    0.433 |     548.9 |  5.6e-07
mpsgraph fastFourierTransform    4096 DRAM   4096   256.00 |     559.7     149.3    0.439 |     545.7 |  5.3e-07
vdsp fft_zop_1thr    4096 DRAM   4096   256.00 |     166.6      44.4    1.475 | - |
mpsgraph fastFourierTransform    8192 L2      8     1.00 |     428.6     105.5    1.242 |     186.9 |  5.3e-07
vdsp fft_zop_1thr    8192 L2      8     1.00 |     134.9      33.2    3.947 | - |
mpsgraph fastFourierTransform    8192 SLC     64     8.00 |     459.0     113.0    1.160 |     279.8 |  5.3e-07
vdsp fft_zop_1thr    8192 SLC     64     8.00 |     134.7      33.2    3.953 | - |
mpsgraph fastFourierTransform    8192 DRAM   2048   256.00 |     262.4      64.6    2.030 |     257.2 |  5.3e-07
vdsp fft_zop_1thr    8192 DRAM   2048   256.00 |      86.3      21.2    6.173 | - |
ours fourstep16384_b   16384 L2      4     1.00 |     714.8     163.4    1.604 |     333.6 |  3.3e-07
mpsgraph fastFourierTransform   16384 L2      4     1.00 |     799.9     182.8    1.434 |     354.0 |  3.8e-07
vdsp fft_zop_1thr   16384 L2      4     1.00 |     143.8      32.9    7.974 | - |
ours fourstep16384_b   16384 SLC     32     8.00 |     576.5     131.8    1.989 |     212.4 |  3.3e-07
mpsgraph fastFourierTransform   16384 SLC     32     8.00 |     627.0     143.3    1.829 |     330.8 |  3.8e-07
vdsp fft_zop_1thr   16384 SLC     32     8.00 |     142.9      32.7    8.028 | - |
ours fourstep16384_b   16384 DRAM   1024   256.00 |     302.7      69.2    3.789 |     293.3 |  3.3e-07
mpsgraph fastFourierTransform   16384 DRAM   1024   256.00 |     302.1      69.0    3.797 |     300.6 |  3.8e-07
vdsp fft_zop_1thr   16384 DRAM   1024   256.00 |     107.6      24.6   10.660 | - |
mpsgraph fastFourierTransform   32768 L2      2     1.00 |     858.3     183.1    2.863 |     367.5 |  3.8e-07
vdsp fft_zop_1thr   32768 L2      2     1.00 |     142.7      30.4   17.218 | - |
mpsgraph fastFourierTransform   32768 SLC     16     8.00 |     643.3     137.2    3.820 |     323.0 |  3.8e-07
vdsp fft_zop_1thr   32768 SLC     16     8.00 |     142.6      30.4   17.237 | - |
mpsgraph fastFourierTransform   32768 DRAM    512   256.00 |     322.9      68.9    7.611 |     321.6 |  3.8e-07
vdsp fft_zop_1thr   32768 DRAM    512   256.00 |      96.7      20.6   25.427 | - |
mpsgraph fastFourierTransform   65536 L2      1     1.00 |     857.1     171.4    6.117 |     403.3 |  4.1e-07
vdsp fft_zop_1thr   65536 L2      1     1.00 |     122.9      24.6   42.645 | - |
mpsgraph fastFourierTransform   65536 SLC      8     8.00 |     713.7     142.7    7.346 |     357.0 |  4.1e-07
vdsp fft_zop_1thr   65536 SLC      8     8.00 |     122.6      24.5   42.771 | - |
mpsgraph fastFourierTransform   65536 DRAM    256   256.00 |     345.1      69.0   15.193 |     341.5 |  4.1e-07
vdsp fft_zop_1thr   65536 DRAM    256   256.00 |      80.8      16.2   64.923 | - |
mpsgraph fastFourierTransform  131072 L2      1     2.00 |     797.4     150.1   13.971 |     469.1 |  6.1e-07
vdsp fft_zop_1thr  131072 L2      1     2.00 |     114.3      21.5   97.507 | - |
mpsgraph fastFourierTransform  131072 SLC      4     8.00 |     772.7     145.4   14.419 |     373.7 |  6.1e-07
vdsp fft_zop_1thr  131072 SLC      4     8.00 |     114.8      21.6   97.045 | - |
mpsgraph fastFourierTransform  131072 DRAM    128   256.00 |     352.1      66.3   31.646 |     345.6 |  6.1e-07
vdsp fft_zop_1thr  131072 DRAM    128   256.00 |      91.3      17.2  122.009 | - |
mpsgraph fastFourierTransform  262144 L2      1     4.00 |     824.6     146.6   28.612 |     414.8 |  4.4e-07
vdsp fft_zop_1thr  262144 L2      1     4.00 |     117.7      20.9  200.421 | - |
mpsgraph fastFourierTransform  262144 SLC      2     8.00 |     779.2     138.5   30.279 |     386.4 |  4.4e-07
vdsp fft_zop_1thr  262144 SLC      2     8.00 |     116.8      20.8  201.928 | - |
mpsgraph fastFourierTransform  262144 DRAM     64   256.00 |     364.2      64.7   64.787 |     354.8 |  4.4e-07
vdsp fft_zop_1thr  262144 DRAM     64   256.00 |      96.8      17.2  243.781 | - |
mpsgraph fastFourierTransform  524288 L2      1     8.00 |     692.8     116.7   71.891 |     361.6 |  5.3e-07
vdsp fft_zop_1thr  524288 L2      1     8.00 |     115.0      19.4  433.144 | - |
mpsgraph fastFourierTransform  524288 SLC      1     8.00 |     795.1     133.9   62.641 |     388.0 |  5.3e-07
vdsp fft_zop_1thr  524288 SLC      1     8.00 |     114.1      19.2  436.405 | - |
mpsgraph fastFourierTransform  524288 DRAM     32   256.00 |     341.7      57.5  145.767 |     339.9 |  5.3e-07
vdsp fft_zop_1thr  524288 DRAM     32   256.00 |      80.1      13.5  622.169 | - |
mpsgraph fastFourierTransform 1048576 L2      1    16.00 |     365.4      58.5  287.000 |     293.9 |  8.2e-07
vdsp fft_zop_1thr 1048576 L2      1    16.00 |      80.8      12.9 1297.346 | - |
mpsgraph fastFourierTransform 1048576 SLC      1    16.00 |     374.5      59.9  279.969 |     293.6 |  8.2e-07
vdsp fft_zop_1thr 1048576 SLC      1    16.00 |      73.8      11.8 1420.060 | - |
mpsgraph fastFourierTransform 1048576 DRAM     16   256.00 |     307.8      49.3  340.638 |     304.7 |  8.2e-07
vdsp fft_zop_1thr 1048576 DRAM     16   256.00 |      62.3      10.0 1682.833 | - |
==============================================================================================================
CSV -> ../../paper_m6/results/stage2_landscape.csv
